
> ai-avatar-project@0.1.0 build
> next build

Ôû▓ Next.js 16.1.6 (Turbopack)

  Creating an optimized production build ...
Ô£ô Compiled successfully in 2.3s
  Running TypeScript ...
node.exe : Failed to compile.
En línea: 1 Carácter: 1
+ & "C:\Program 
Files\nodejs/node.exe" 
"C:\Users\jsfm8\AppData\Roaming\ 
...
+ ~~~~~~~~~~~~~~~~~~~~~~~~~~~~~~~~
~~~~~~~~~~~~~~~~~~~~~~~~~~~~~~~~~~
~~~
    + CategoryInfo          : Not 
   Specified: (Failed to compile  
  .:String) [], RemoteException
    + FullyQualifiedErrorId : Nat 
   iveCommandError
 

./src/app/components/NoctraInterfa
ce.tsx:19:51
Type error: This comparison 
appears to be unintentional 
because the types 'CallStatus' 
and '"connected"' have no overlap.

[0m [90m 17 |[39m       
[33m<[39m[33mdiv[39m className
[33m=[39m[32m"absolute top-12 
left-12 flex flex-col 
gap-2"[39m[33m>[39m
 [90m 18 |[39m         
[33m<[39m[33mdiv[39m 
className[33m=[39m[32m"flex 
items-center 
gap-3"[39m[33m>[39m
[31m[1m>[22m[39m[90m 19 
|[39m           
[33m<[39m[33mdiv[39m 
className[33m=[39m{[32m`h-2 
w-2 rounded-full ${status === 
'connected' ? 'bg-cyan-500 
animate-pulse' : 
'bg-red-500'}`[39m} 
[33m/[39m[33m>[39m
 [90m    |[39m                  
                                 
[31m[1m^[22m[39m
 [90m 20 |[39m           
[33m<[39m[33mspan[39m classNam
e[33m=[39m[32m"text-[10px] 
font-mono tracking-[0.4em] 
text-white/40 
uppercase"[39m[33m>[39m
 [90m 21 |[39m             
[33mSystem_[39m{status}
 [90m 22 |[39m           [33m<
[39m[33m/[39m[33mspan[39m[33m
>[39m[0m
Next.js build worker exited with 
code: 1 and signal: null
